Testing agenda command :
Explicit module 1
[Activation: module-1::rule-1  f-0 ; time=1 ; salience=0]
[Activation: module-1::rule-2  f-0 ; time=1 ; salience=0]
For a total of 2 activations.
module-1::rule-1
module-1::rule-2
For a total of 2 rules.
Explicit module 2
[Activation: module-2::rule-3  f-0 ; time=1 ; salience=0]
[Activation: module-2::rule-4  f-0 ; time=1 ; salience=0]
For a total of 2 activations.
module-2::rule-4
module-2::rule-3
For a total of 2 rules.
No qualifier -- should be module-2
[Activation: module-2::rule-3  f-0 ; time=1 ; salience=0]
[Activation: module-2::rule-4  f-0 ; time=1 ; salience=0]
For a total of 2 activations.
module-2::rule-4
module-2::rule-3
For a total of 2 rules.
Agenda *
MAIN:
module-1:
[Activation: module-1::rule-1  f-0 ; time=1 ; salience=0]
[Activation: module-1::rule-2  f-0 ; time=1 ; salience=0]
module-2:
[Activation: module-2::rule-3  f-0 ; time=1 ; salience=0]
[Activation: module-2::rule-4  f-0 ; time=1 ; salience=0]
For a total of 4 activations.
module-1::rule-1
module-2::rule-4
module-2::rule-3
module-1::rule-2
For a total of 4 rules.
Test done.