Testing focus :
Default: MAIN
 <== Focus MAIN
 ==> Focus foo
explicit foo: foo
MAIN
foo
 <== Focus foo
 ==> Focus bar
explicit bar: bar
MAIN
foo
bar
Good, got error with bad module name.
 <== Focus bar
 ==> Focus foo
 <== Focus foo
 ==> Focus MAIN
 <== Focus MAIN
Back to default: MAIN
 <== Focus MAIN
 ==> Focus foo
 <== Focus foo
 ==> Focus bar
Focus multiple: MAIN
foo
bar
Get-focus-stack: (foo bar)
 <== Focus bar
 ==> Focus foo
Pop-focus: bar
foo
Get-focus-stack after clear: ()
Test done.
