         CLIPS (V6.10 07/01/98)
Testing the 'or' CE :
*** Testing separate paths:

[PRNTUTIL2] Syntax Error:  Check appropriate syntax for defrule.

ERROR:
(defrule MAIN::foo
   ?x <- (or (
<Fact-0>
<Fact-1>
*** Testing multibranch erase:
<Fact-3>
c
*** Testing nesting:
<Fact-1>
Example 1: Should... Fire.
<Fact-1>
Example 2: Should not.
<Fact-2>
Example 3: Should... Fire.
<Fact-2>
Example 4: Should... Fire.
<Fact-2>
Example 5: Should not.
*** Testing bad binding

[EXPRNPSR3] Missing function declaration for try.
*** Tests from Mariusz Nowostawski
<Fact-1>
<Fact-2>
<Fact-3>
<Fact-4>
<Fact-5>
<Fact-6>
<Fact-7>
<Fact-8>
<Fact-9>
<Fact-10>
f1 Should print 'Good' 1 time(s)..Good
f2 Should print 'Good' 1 time(s)..Good
f3 Should print 'Good' 1 time(s)..Good
f4 Should print 'Good' 1 time(s)..Good
f5 Should print 'Good' 2 time(s)..Good
Good
f6 Should print 'Good' 1 time(s)..Good
f7 Should print 'Good' 3 time(s)..Good
Good
Good
f8 Should print 'Good' 3 time(s)..Good
Good
Good
f9 Should print 'Good' 6 time(s)..Good
Good
Good
Good
Good
Good
f10 Should print 'Good' 3 time(s)..Good
Good
Good
f11 Should print 'Good' 3 time(s)..Good
Good
Good
b1 Should not print anything
b2 Should not print anything
b3 Should not print anything
b4 Should not print anything
b5 Should not print anything
b6 Should not print anything
b7 Should not print anything
b8 Should not print anything
b9 Should not print anything
b10 Should not print anything
b11 Should not print anything
Test done.
